// Jest Snapshot v1, https://goo.gl/fbAQLP

exports[`Fieldset matches snapshot 1`] = `
.c0 {
  border: 1px solid rgba(0,0,0,0.08);
  padding: 16px;
  border-radius: 8px;
}

<fieldset
  className="c0"
  name="test"
/>
`;
