// Jest Snapshot v1, https://goo.gl/fbAQLP

exports[`NavCardDetails matches snapshot 1`] = `
.c0 {
  margin: 0 4px 2px 36px;
  font-size: 11px;
  line-height: 1.2;
  color: inherit;
}

.c0:last-child {
  margin-bottom: 8px;
}

<dl
  className="c0"
/>
`;
