// Jest Snapshot v1, https://goo.gl/fbAQLP

exports[`NavCardTitle matches snapshot 1`] = `
.c0 {
  color: inherit;
  margin: 4px 8px 0px;
  white-space: nowrap;
  max-width: 100%;
  overflow: hidden;
  -webkit-align-items: center;
  -webkit-box-align: center;
  -ms-flex-align: center;
  align-items: center;
  text-overflow: ellipsis;
  display: -webkit-box;
  display: -webkit-flex;
  display: -ms-flexbox;
  display: flex;
  -webkit-flex-direction: row;
  -ms-flex-direction: row;
  flex-direction: row;
  -webkit-box-pack: center;
  -webkit-justify-content: center;
  -ms-flex-pack: center;
  justify-content: center;
}

.c0 h1 {
  padding-left: 4px;
  -webkit-flex: 1 1 100%;
  -ms-flex: 1 1 100%;
  flex: 1 1 100%;
  line-height: 1;
  margin: 0;
  text-transform: capitalize;
}

<div
  className="c0"
/>
`;
