// Jest Snapshot v1, https://goo.gl/fbAQLP

exports[`NavCardKey matches snapshot 1`] = `
.c0 {
  padding-right: 8px;
  display: inline-block;
}

<dt
  className="c0"
/>
`;
