// Jest Snapshot v1, https://goo.gl/fbAQLP

exports[`NavCardVal matches snapshot 1`] = `
.c0 {
  margin: 0;
  display: inline-block;
  color: inherit;
}

<dd
  className="c0"
/>
`;
