// Jest Snapshot v1, https://goo.gl/fbAQLP

exports[`ButtonWrap should match snapshot 1`] = `
.c0 {
  -webkit-align-items: center;
  -webkit-box-align: center;
  -ms-flex-align: center;
  align-items: center;
  border-style: solid;
  border-width: 1px;
  box-sizing: border-box;
  cursor: pointer;
  display: -webkit-box;
  display: -webkit-flex;
  display: -ms-flexbox;
  display: flex;
  -webkit-box-pack: center;
  -webkit-justify-content: center;
  -ms-flex-pack: center;
  justify-content: center;
  line-height: 1.4;
  text-align: center;
  text-transform: none;
  -webkit-transition: all 0.3s ease;
  transition: all 0.3s ease;
  -webkit-user-select: none;
  -moz-user-select: none;
  -ms-user-select: none;
  user-select: none;
  z-index: 10;
  position: relative;
  background-color: white;
  color: #000;
  border-color: transparent;
  color: #000;
  font-size: 14px;
  border-radius: 4px;
  padding: 2px 8px;
  -webkit-flex-direction: row;
  -ms-flex-direction: row;
  flex-direction: row;
}

.c0:hover {
  -webkit-transition: all 0.1s ease;
  transition: all 0.1s ease;
}

.c0:hover:focus,
.c0:hover:active {
  -webkit-transition: all 0 ease;
  transition: all 0 ease;
}

.c0:focus,
.c0:focus:active {
  outline: none;
  border: 1px solid #0aab2a;
  box-shadow: 0 0 0 2.5px rgba(10,171,42,0.5),inset 0 0 0 1px rgba(255,255,255,0.15);
}

.c0::-moz-focus-inner {
  border: 0;
}

.c0 > * {
  -webkit-flex: 0 1 auto;
  -ms-flex: 0 1 auto;
  flex: 0 1 auto;
}

.c0:hover {
  -webkit-filter: saturate(120%) brightness(95%);
  filter: saturate(120%) brightness(95%);
}

.c0:active {
  -webkit-transition-duration: 0s;
  transition-duration: 0s;
  -webkit-filter: saturate(80%) brightness(90%) contrast(110%);
  filter: saturate(80%) brightness(90%) contrast(110%);
}

.c0:focus {
  z-index: 1;
}

.c0[disabled],
.c0[disabled]:hover,
.c0[disabled]:focus,
.c0[disabled]:active {
  cursor: not-allowed;
  -webkit-filter: saturate(0) opacity(70%);
  filter: saturate(0) opacity(70%);
}

.c0 > :not(:first-child) {
  margin-left: 4px;
  -webkit-flex-basis: auto;
  -ms-flex-preferred-size: auto;
  flex-basis: auto;
}

<button
  className="c0"
/>
`;
