// Jest Snapshot v1, https://goo.gl/fbAQLP

exports[`NavCardGroup matches snapshot 1`] = `
.c0 {
  display: -webkit-box;
  display: -webkit-flex;
  display: -ms-flexbox;
  display: flex;
  -webkit-flex-flow: row wrap;
  -ms-flex-flow: row wrap;
  flex-flow: row wrap;
  padding: 2px;
  position: relative;
  box-shadow: inset 0 0 0 1px;
}

.c0 > * {
  -webkit-flex: 1 1 1%;
  -ms-flex: 1 1 1%;
  flex: 1 1 1%;
  display: -webkit-box;
  display: -webkit-flex;
  display: -ms-flexbox;
  display: flex;
  position: relative;
  -webkit-align-items: stretch;
  -webkit-box-align: stretch;
  -ms-flex-align: stretch;
  align-items: stretch;
  min-height: 64px;
  position: relative;
  -webkit-text-decoration: none;
  text-decoration: none;
}

.c0 > *:active div[class*="NavCardWrapper"],
.c0 > *:active:hover div[class*="NavCardWrapper"],
.c0 > *.active div[class*="NavCardWrapper"],
.c0 > *.active:hover div[class*="NavCardWrapper"] {
  background-color: #0c0c0c;
}

.c0 > *:active div[class*="NavCardWrapper"]:after,
.c0 > *:active:hover div[class*="NavCardWrapper"]:after,
.c0 > *.active div[class*="NavCardWrapper"]:after,
.c0 > *.active:hover div[class*="NavCardWrapper"]:after {
  opacity: 1;
}

<nav
  className="c0"
/>
`;
